Microchip MPLAB XC8 Compiler V1.33 ()

Linker command line:

--edf=C:\Program Files (x86)\Microchip\xc8\v1.33\dat\en_msgs.txt -cs \
  -h+I2C.sym --cmf=I2C.cmf -z -Q16F877A \
  -oC:\Users\Danton\AppData\Local\Temp\sb5o.6 -MI2C.map -E1 -ver=XC8 \
  -ASTACK=0110h-016fh -pstack=STACK -ACONST=00h-0FFhx32 -ACODE=00h-07FFhx4 \
  -ASTRCODE=00h-01FFFh -AENTRY=00h-0FFhx32 -ASTRING=00h-0FFhx32 \
  -ACOMMON=070h-07Fh -ABANK0=020h-06Fh -ABANK1=0A0h-0EFh \
  -ABANK2=0110h-016Fh -ABANK3=0190h-01EFh \
  -ARAM=020h-06Fh,0A0h-0EFh,0110h-016Fh,0190h-01EFh \
  -AABS1=020h-07Fh,0A0h-0EFh,0110h-016Fh,0190h-01EFh -ASFR0=00h-01Fh \
  -ASFR1=080h-09Fh -ASFR2=0100h-010Fh -ASFR3=0180h-018Fh \
  -preset_vec=00h,intentry=04h,init,end_init -ppowerup=CODE -pcinit=CODE \
  -pfunctab=CODE -ACONFIG=02007h-02007h -pconfig=CONFIG -DCONFIG=2 \
  -AIDLOC=02000h-02003h -pidloc=IDLOC -DIDLOC=2 -AEEDATA=00h-0FFh/02100h \
  -peeprom_data=EEDATA -DEEDATA=2 -DCODE=2 -DSTRCODE=2 -DSTRING=2 -DCONST=2 \
  -DENTRY=2 -k startup.obj I2C.obj 

Object code version is 3.11

Machine type is 16F877A



                Name                               Link     Load   Length Selector   Space Scale
startup.obj     end_init                             12       12        3        8       0
                reset_vec                             0        0        3        0       0
                config                             2007     2007        1     400E       0
I2C.obj         cinit                                15       15        7        8       0
                intentry                              4        4        E        8       0
                text16                              5BA      5BA        D      7BE       0
                text15                              5F8      5F8        8      7BE       0
                text14                              5AC      5AC        E      7BE       0
                text13                              5DD      5DD        B      7BE       0
                text12                              5D2      5D2        B      7BE       0
                text11                              5C7      5C7        B      7BE       0
                text10                              59D      59D        F      7BE       0
                text9                               5F0      5F0        8      7BE       0
                text8                               569      569       1C      7BE       0
                text7                               585      585       18      7BE       0
                text6                                1C       1C      210        8       0
                text5                               54A      54A       1F      7BE       0
                text4                               3DF      3DF       8F      7BE       0
                text3                               46E      46E       6F      7BE       0
                text2                               5E8      5E8        8      7BE       0
                text1                               52A      52A       20      7BE       0
                maintext                            4DD      4DD       4D      7BE       0
                cstackBANK0                          20       20       1E       20       1
                cstackCOMMON                         70       70        C       70       1
                bssBANK0                             3E       3E        1       20       1
                bssCOMMON                            7C       7C        2       70       1
                strings                             300      300       DF      600       0

TOTAL           Name                               Link     Load   Length     Space
        CLASS   STACK          

        CLASS   CONST          

        CLASS   CODE           
                end_init                             12       12        3         0
                cinit                                15       15        7         0
                intentry                              4        4        E         0
                reset_vec                             0        0        3         0
                text16                              5BA      5BA        D         0
                text15                              5F8      5F8        8         0
                text14                              5AC      5AC        E         0
                text13                              5DD      5DD        B         0
                text12                              5D2      5D2        B         0
                text11                              5C7      5C7        B         0
                text10                              59D      59D        F         0
                text9                               5F0      5F0        8         0
                text8                               569      569       1C         0
                text7                               585      585       18         0
                text6                                1C       1C      210         0
                text5                               54A      54A       1F         0
                text4                               3DF      3DF       8F         0
                text3                               46E      46E       6F         0
                text2                               5E8      5E8        8         0
                text1                               52A      52A       20         0
                maintext                            4DD      4DD       4D         0

        CLASS   STRCODE        

        CLASS   ENTRY          

        CLASS   STRING         
                strings                             300      300       DF         0

        CLASS   COMMON         
                cstackCOMMON                         70       70        C         1
                bssCOMMON                            7C       7C        2         1

        CLASS   BANK0          
                cstackBANK0                          20       20       1E         1
                bssBANK0                             3E       3E        1         1

        CLASS   BANK1          

        CLASS   BANK2          

        CLASS   BANK3          

        CLASS   RAM            

        CLASS   ABS1           
                abs_s1                               7E       7E        2         1

        CLASS   SFR0           

        CLASS   SFR1           

        CLASS   SFR2           

        CLASS   SFR3           

        CLASS   CONFIG         
                config                             2007     2007        1         0

        CLASS   IDLOC          

        CLASS   EEDATA         



SEGMENTS        Name                           Load    Length   Top    Selector   Space  Class     Delta

                reset_vec                      000000  000003  000003         0       0  CODE        2
                intentry                       000004  000228  00022C         8       0  CODE        2
                cstackBANK0                    000020  00001F  00003F        20       1  BANK0       1
                cstackCOMMON                   000070  00000E  00007E        70       1  COMMON      1
                strings                        000300  0000DF  0003DF       600       0  STRING      2
                text4                          0003DF  000221  000600       7BE       0  CODE        2
                config                         002007  000001  002008      400E       0  CONFIG      2


UNUSED ADDRESS RANGES

        Name                Unused          Largest block    Delta
        BANK0            003F-006F             31           1
        BANK1            00A0-00EF             50           1
        BANK2            0110-016F             60           1
        BANK3            0190-01EF             60           1
        CODE             0003-0003              1           2
                         022C-02FF             D4
                         0600-1FFF            800
        CONST            0003-0003              1           2
                         022C-02FF             D4
                         0600-1FFF            100
        EEDATA           2100-21FF            100           2
        ENTRY            0003-0003              1           2
                         022C-02FF             D4
                         0600-1FFF            100
        IDLOC            2000-2003              4           2
        RAM              003F-006F             31           1
                         00A0-00EF             50
                         0110-016F             60
                         0190-01EF             60
        SFR0             0000-001F             20           1
        SFR1             0080-009F             20           1
        SFR2             0100-010F             10           1
        SFR3             0180-018F             10           1
        STACK            0110-016F             60           1
        STRCODE          0003-0003              1           2
                         022C-02FF             D4
                         0600-1FFF           1A00
        STRING           0003-0003              1           2
                         022C-02FF             D4
                         0600-1FFF            100

                                  Symbol Table

?___aldiv                     cstackBANK0  0020
I2C_Write@Byte                cstackCOMMON 0072
ISR@i                         cstackCOMMON 007B
ISR@j                         cstackCOMMON 007A
USART_Init@BR                 cstackBANK0  0039
USART_Init@BaudRate           cstackBANK0  002F
USART_Init@Mode               cstackBANK0  0033
USART_ReceiveChar@USART_Data  cstackCOMMON 0074
USART_WriteChar@USART_Data    cstackBANK0  0020
USART_WriteString@str         cstackBANK0  0022
_I2C_Idle                     text16       05BA
_I2C_Init                     text5        054A
_I2C_NACK                     text15       05F8
_I2C_Read                     text14       05AC
_I2C_Restart                  text13       05DD
_I2C_Start                    text12       05D2
_I2C_Stop                     text11       05C7
_I2C_Write                    text10       059D
_INTCONbits                   (abs)        000B
_ISR                          text6        001C
_OERR                         (abs)        00C1
_PIE1bits                     (abs)        008C
_PIR1bits                     (abs)        000C
_PORTC                        (abs)        0007
_RCREG                        (abs)        001A
_RCSTAbits                    (abs)        0018
_SPBRG                        (abs)        0099
_SSPADD                       (abs)        0093
_SSPBUF                       (abs)        0013
_SSPCON2                      (abs)        0091
_SSPCON2bits                  (abs)        0091
_SSPCONbits                   (abs)        0014
_SSPSTATbits                  (abs)        0094
_TRISC                        (abs)        0087
_TXREG                        (abs)        0019
_TXSTAbits                    (abs)        0098
_USART_Init                   text3        046E
_USART_ReceiveChar            text7        0585
_USART_WriteChar              text2        05E8
_USART_WriteString            text1        052A
__CFG_BOREN$OFF               (abs)        0000
__CFG_CP$OFF                  (abs)        0000
__CFG_CPD$OFF                 (abs)        0000
__CFG_FOSC$HS                 (abs)        0000
__CFG_LVP$OFF                 (abs)        0000
__CFG_PWRTE$ON                (abs)        0000
__CFG_WDTE$OFF                (abs)        0000
__Habs1                       abs1         0000
__Hbank0                      bank0        0000
__Hbank1                      bank1        0000
__Hbank2                      bank2        0000
__Hbank3                      bank3        0000
__HbssBANK0                   bssBANK0     0000
__HbssCOMMON                  bssCOMMON    0000
__Hcinit                      cinit        001C
__Hclrtext                    clrtext      0000
__Hcode                       code         0000
__Hcommon                     common       0000
__Hconfig                     config       2008
__HcstackBANK0                cstackBANK0  0000
__HcstackCOMMON               cstackCOMMON 0000
__Heeprom_data                eeprom_data  0000
__Hend_init                   end_init     0015
__Hfunctab                    functab      0000
__Hidloc                      idloc        0000
__Hinit                       init         0012
__Hintentry                   intentry     0012
__Hmaintext                   maintext     0000
__Hpowerup                    powerup      0000
__Hram                        ram          0000
__Hreset_vec                  reset_vec    0003
__Hsfr0                       sfr0         0000
__Hsfr1                       sfr1         0000
__Hsfr2                       sfr2         0000
__Hsfr3                       sfr3         0000
__Hspace_0                    (abs)        2008
__Hspace_1                    (abs)        007E
__Hspace_2                    (abs)        0000
__Hspace_3                    (abs)        0000
__Hstack                      stack        0000
__Hstrings                    strings      0000
__Htext                       text         0000
__Labs1                       abs1         0000
__Lbank0                      bank0        0000
__Lbank1                      bank1        0000
__Lbank2                      bank2        0000
__Lbank3                      bank3        0000
__LbssBANK0                   bssBANK0     0000
__LbssCOMMON                  bssCOMMON    0000
__Lcinit                      cinit        0015
__Lclrtext                    clrtext      0000
__Lcode                       code         0000
__Lcommon                     common       0000
__Lconfig                     config       2007
__LcstackBANK0                cstackBANK0  0000
__LcstackCOMMON               cstackCOMMON 0000
__Leeprom_data                eeprom_data  0000
__Lend_init                   end_init     0012
__Lfunctab                    functab      0000
__Lidloc                      idloc        0000
__Linit                       init         0012
__Lintentry                   intentry     0004
__Lmaintext                   maintext     0000
__Lpowerup                    powerup      0000
__Lram                        ram          0000
__Lreset_vec                  reset_vec    0000
__Lsfr0                       sfr0         0000
__Lsfr1                       sfr1         0000
__Lsfr2                       sfr2         0000
__Lsfr3                       sfr3         0000
__Lspace_0                    (abs)        0000
__Lspace_1                    (abs)        0000
__Lspace_2                    (abs)        0000
__Lspace_3                    (abs)        0000
__Lstack                      stack        0000
__Lstrings                    strings      0000
__Ltext                       text         0000
__S0                          (abs)        2008
__S1                          (abs)        007E
__S2                          (abs)        0000
__S3                          (abs)        0000
___aldiv                      text4        03DF
___aldiv@counter              cstackBANK0  0029
___aldiv@dividend             cstackBANK0  0024
___aldiv@divisor              cstackBANK0  0020
___aldiv@quotient             cstackBANK0  002B
___aldiv@sign                 cstackBANK0  002A
___int_sp                     stack        0000
___latbits                    (abs)        0002
___sp                         stack        0000
__end_of_I2C_Idle             text16       05C7
__end_of_I2C_Init             text5        0569
__end_of_I2C_NACK             text15       0600
__end_of_I2C_Read             text14       05BA
__end_of_I2C_Restart          text13       05E8
__end_of_I2C_Start            text12       05DD
__end_of_I2C_Stop             text11       05D2
__end_of_I2C_Write            text10       05AC
__end_of_ISR                  text6        022C
__end_of_USART_Init           text3        04DD
__end_of_USART_ReceiveChar    text7        059D
__end_of_USART_WriteChar      text2        05F0
__end_of_USART_WriteString    text1        054A
__end_of___aldiv              text4        046E
__end_of__initialization      cinit        0018
__end_of__stringdata          strings      03DF
__end_of__stringtab           strings      0306
__end_of_main                 maintext     052A
__end_ofi1_USART_WriteChar    text9        05F8
__end_ofi1_USART_WriteString  text8        0585
__initialization              cinit        0015
__pbssBANK0                   bssBANK0     003E
__pbssCOMMON                  bssCOMMON    007C
__pcstackBANK0                cstackBANK0  0020
__pcstackCOMMON               cstackCOMMON 0070
__pintentry                   intentry     0004
__pmaintext                   maintext     04DD
__pstrings                    strings      0300
__ptext1                      text1        052A
__ptext10                     text10       059D
__ptext11                     text11       05C7
__ptext12                     text12       05D2
__ptext13                     text13       05DD
__ptext14                     text14       05AC
__ptext15                     text15       05F8
__ptext16                     text16       05BA
__ptext2                      text2        05E8
__ptext3                      text3        046E
__ptext4                      text4        03DF
__ptext5                      text5        054A
__ptext6                      text6        001C
__ptext7                      text7        0585
__ptext8                      text8        0569
__ptext9                      text9        05F0
__size_of_I2C_Idle            (abs)        0000
__size_of_I2C_Init            (abs)        0000
__size_of_I2C_NACK            (abs)        0000
__size_of_I2C_Read            (abs)        0000
__size_of_I2C_Restart         (abs)        0000
__size_of_I2C_Start           (abs)        0000
__size_of_I2C_Stop            (abs)        0000
__size_of_I2C_Write           (abs)        0000
__size_of_ISR                 (abs)        0000
__size_of_USART_Init          (abs)        0000
__size_of_USART_ReceiveChar   (abs)        0000
__size_of_USART_WriteChar     (abs)        0000
__size_of_USART_WriteString   (abs)        0000
__size_of___aldiv             (abs)        0000
__size_of_main                (abs)        0000
__size_ofi1_USART_WriteChar   (abs)        0000
__size_ofi1_USART_WriteString (abs)        0000
__stringbase                  strings      0305
__stringdata                  strings      0306
__stringtab                   strings      0300
_banco                        bssCOMMON    007C
_entrada                      bssCOMMON    007D
_main                         maintext     04DD
_posicao                      bssBANK0     003E
btemp                         (abs)        007E
end_of_initialization         cinit        0018
i1USART_WriteChar@USART_Data  cstackCOMMON 0070
i1USART_WriteString@str       cstackCOMMON 0072
i1_USART_WriteChar            text9        05F0
i1_USART_WriteString          text8        0569
interrupt_function            intentry     0004
intlevel0                     functab      0000
intlevel1                     functab      0000
intlevel2                     functab      0000
intlevel3                     functab      0000
intlevel4                     functab      0000
intlevel5                     functab      0000
ltemp                         (abs)        007E
ltemp0                        (abs)        007E
ltemp1                        (abs)        0082
ltemp2                        (abs)        0086
ltemp3                        (abs)        0080
reset_vec                     reset_vec    0000
saved_w                       (abs)        007E
stackhi                       (abs)        0000
stacklo                       (abs)        0000
start                         init         0012
start_initialization          cinit        0015
ttemp                         (abs)        007E
ttemp0                        (abs)        007E
ttemp1                        (abs)        0081
ttemp2                        (abs)        0084
ttemp3                        (abs)        0087
ttemp4                        (abs)        007F
wtemp                         (abs)        007E
wtemp0                        (abs)        007E
wtemp1                        (abs)        0080
wtemp2                        (abs)        0082
wtemp3                        (abs)        0084
wtemp4                        (abs)        0086
wtemp5                        (abs)        0088
wtemp6                        (abs)        007F


FUNCTION INFORMATION:

 *************** function _main *****************
 Defined at:
		line 395 in file "D:\Engenharia da computação\2017-2\MICROCONTROLADORES\trabalho micro\I2C - 24C16\Código em C no MPLAB\I2C.c"
 Parameters:    Size  Location     Type
		None
 Auto vars:     Size  Location     Type
  byte            1    0        unsigned char 
 Return value:  Size  Location     Type
		None               void
 Registers used:
		wreg, fsr0l, fsr0h, status,2, status,0, pclath, cstack
 Tracked objects:
		On entry : 
		On exit  : 
		Unchanged: 
 Data sizes:     COMMON   BANK0   BANK1   BANK3   BANK2
      Params:         0       0       0       0       0
      Locals:         0       0       0       0       0
      Temps:          0       3       0       0       0
      Totals:         0       3       0       0       0
Total ram usage:        3 bytes
 Hardware stack levels required when called:    6
 This function calls:
		_I2C_Init
		_USART_Init
		_USART_WriteString
 This function is called by:
		Startup code after reset
 This function uses a non-reentrant model


 *************** function _USART_WriteString *****************
 Defined at:
		line 62 in file "D:\Engenharia da computação\2017-2\MICROCONTROLADORES\trabalho micro\I2C - 24C16\Código em C no MPLAB\I2C.c"
 Parameters:    Size  Location     Type
  str             1    wreg     PTR const unsigned char 
		 -> STR_11(37), STR_10(24), STR_9(38), STR_8(21), 
		 -> STR_7(37), STR_6(27), STR_5(30), STR_4(27), 
		 -> STR_3(37), STR_2(27), STR_1(40), 
 Auto vars:     Size  Location     Type
  str             1    2[BANK0 ] PTR const unsigned char 
		 -> STR_11(37), STR_10(24), STR_9(38), STR_8(21), 
		 -> STR_7(37), STR_6(27), STR_5(30), STR_4(27), 
		 -> STR_3(37), STR_2(27), STR_1(40), 
 Return value:  Size  Location     Type
		None               void
 Registers used:
		wreg, fsr0l, fsr0h, status,2, status,0, pclath, cstack
 Tracked objects:
		On entry : 
		On exit  : 
		Unchanged: 
 Data sizes:     COMMON   BANK0   BANK1   BANK3   BANK2
      Params:         0       0       0       0       0
      Locals:         0       1       0       0       0
      Temps:          0       1       0       0       0
      Totals:         0       2       0       0       0
Total ram usage:        2 bytes
 Hardware stack levels used:    1
 Hardware stack levels required when called:    5
 This function calls:
		_USART_WriteChar
 This function is called by:
		_main
 This function uses a non-reentrant model


 *************** function _USART_WriteChar *****************
 Defined at:
		line 56 in file "D:\Engenharia da computação\2017-2\MICROCONTROLADORES\trabalho micro\I2C - 24C16\Código em C no MPLAB\I2C.c"
 Parameters:    Size  Location     Type
  USART_Data      1    wreg     unsigned char 
 Auto vars:     Size  Location     Type
  USART_Data      1    0[BANK0 ] unsigned char 
 Return value:  Size  Location     Type
		None               void
 Registers used:
		wreg
 Tracked objects:
		On entry : 
		On exit  : 
		Unchanged: 
 Data sizes:     COMMON   BANK0   BANK1   BANK3   BANK2
      Params:         0       0       0       0       0
      Locals:         0       1       0       0       0
      Temps:          0       0       0       0       0
      Totals:         0       1       0       0       0
Total ram usage:        1 bytes
 Hardware stack levels used:    1
 Hardware stack levels required when called:    4
 This function calls:
		Nothing
 This function is called by:
		_USART_WriteString
 This function uses a non-reentrant model


 *************** function _USART_Init *****************
 Defined at:
		line 16 in file "D:\Engenharia da computação\2017-2\MICROCONTROLADORES\trabalho micro\I2C - 24C16\Código em C no MPLAB\I2C.c"
 Parameters:    Size  Location     Type
  BaudRate        4   15[BANK0 ] long 
  Mode            2   19[BANK0 ] int 
 Auto vars:     Size  Location     Type
  BR              2   25[BANK0 ] int 
 Return value:  Size  Location     Type
		None               void
 Registers used:
		wreg, status,2, status,0, pclath, cstack
 Tracked objects:
		On entry : 
		On exit  : 
		Unchanged: 
 Data sizes:     COMMON   BANK0   BANK1   BANK3   BANK2
      Params:         0       6       0       0       0
      Locals:         0       2       0       0       0
      Temps:          0       4       0       0       0
      Totals:         0      12       0       0       0
Total ram usage:       12 bytes
 Hardware stack levels used:    1
 Hardware stack levels required when called:    5
 This function calls:
		___aldiv
 This function is called by:
		_main
 This function uses a non-reentrant model


 *************** function ___aldiv *****************
 Defined at:
		line 6 in file "C:\Program Files (x86)\Microchip\xc8\v1.33\sources\common\aldiv.c"
 Parameters:    Size  Location     Type
  divisor         4    0[BANK0 ] long 
  dividend        4    4[BANK0 ] long 
 Auto vars:     Size  Location     Type
  quotient        4   11[BANK0 ] long 
  sign            1   10[BANK0 ] unsigned char 
  counter         1    9[BANK0 ] unsigned char 
 Return value:  Size  Location     Type
                  4    0[BANK0 ] long 
 Registers used:
		wreg, status,2, status,0
 Tracked objects:
		On entry : 
		On exit  : 
		Unchanged: 
 Data sizes:     COMMON   BANK0   BANK1   BANK3   BANK2
      Params:         0       8       0       0       0
      Locals:         0       6       0       0       0
      Temps:          0       1       0       0       0
      Totals:         0      15       0       0       0
Total ram usage:       15 bytes
 Hardware stack levels used:    1
 Hardware stack levels required when called:    4
 This function calls:
		Nothing
 This function is called by:
		_USART_Init
 This function uses a non-reentrant model


 *************** function _I2C_Init *****************
 Defined at:
		line 94 in file "D:\Engenharia da computação\2017-2\MICROCONTROLADORES\trabalho micro\I2C - 24C16\Código em C no MPLAB\I2C.c"
 Parameters:    Size  Location     Type
		None
 Auto vars:     Size  Location     Type
		None
 Return value:  Size  Location     Type
		None               void
 Registers used:
		wreg
 Tracked objects:
		On entry : 
		On exit  : 
		Unchanged: 
 Data sizes:     COMMON   BANK0   BANK1   BANK3   BANK2
      Params:         0       0       0       0       0
      Locals:         0       0       0       0       0
      Temps:          0       0       0       0       0
      Totals:         0       0       0       0       0
Total ram usage:        0 bytes
 Hardware stack levels used:    1
 Hardware stack levels required when called:    4
 This function calls:
		Nothing
 This function is called by:
		_main
 This function uses a non-reentrant model


 *************** function _ISR *****************
 Defined at:
		line 192 in file "D:\Engenharia da computação\2017-2\MICROCONTROLADORES\trabalho micro\I2C - 24C16\Código em C no MPLAB\I2C.c"
 Parameters:    Size  Location     Type
		None
 Auto vars:     Size  Location     Type
  i               1   11[COMMON] unsigned char 
  j               1   10[COMMON] unsigned char 
 Return value:  Size  Location     Type
		None               void
 Registers used:
		wreg, fsr0l, fsr0h, status,2, status,0, pclath, cstack
 Tracked objects:
		On entry : 
		On exit  : 
		Unchanged: 
 Data sizes:     COMMON   BANK0   BANK1   BANK3   BANK2
      Params:         0       0       0       0       0
      Locals:         2       0       0       0       0
      Temps:          5       0       0       0       0
      Totals:         7       0       0       0       0
Total ram usage:        7 bytes
 Hardware stack levels used:    1
 Hardware stack levels required when called:    3
 This function calls:
		_I2C_Idle
		_I2C_NACK
		_I2C_Read
		_I2C_Restart
		_I2C_Start
		_I2C_Stop
		_I2C_Write
		_USART_ReceiveChar
		i1_USART_WriteChar
		i1_USART_WriteString
 This function is called by:
		Interrupt level 1
 This function uses a non-reentrant model


 *************** function _USART_ReceiveChar *****************
 Defined at:
		line 73 in file "D:\Engenharia da computação\2017-2\MICROCONTROLADORES\trabalho micro\I2C - 24C16\Código em C no MPLAB\I2C.c"
 Parameters:    Size  Location     Type
		None
 Auto vars:     Size  Location     Type
  USART_Data      1    4[COMMON] unsigned char 
 Return value:  Size  Location     Type
                  1    wreg      unsigned char 
 Registers used:
		wreg, fsr0l, fsr0h, status,2, status,0, pclath, cstack
 Tracked objects:
		On entry : 
		On exit  : 
		Unchanged: 
 Data sizes:     COMMON   BANK0   BANK1   BANK3   BANK2
      Params:         0       0       0       0       0
      Locals:         1       0       0       0       0
      Temps:          1       0       0       0       0
      Totals:         2       0       0       0       0
Total ram usage:        2 bytes
 Hardware stack levels used:    1
 Hardware stack levels required when called:    2
 This function calls:
		i1_USART_WriteString
 This function is called by:
		_ISR
 This function uses a non-reentrant model


 *************** function i1_USART_WriteString *****************
 Defined at:
		line 62 in file "D:\Engenharia da computação\2017-2\MICROCONTROLADORES\trabalho micro\I2C - 24C16\Código em C no MPLAB\I2C.c"
 Parameters:    Size  Location     Type
  str             1    wreg     PTR const unsigned char 
		 -> STR_11(37), STR_10(24), STR_9(38), STR_8(21), 
		 -> STR_7(37), STR_6(27), STR_5(30), STR_4(27), 
		 -> STR_3(37), STR_2(27), STR_1(40), 
 Auto vars:     Size  Location     Type
  str             1    2[COMMON] PTR const unsigned char 
		 -> STR_11(37), STR_10(24), STR_9(38), STR_8(21), 
		 -> STR_7(37), STR_6(27), STR_5(30), STR_4(27), 
		 -> STR_3(37), STR_2(27), STR_1(40), 
 Return value:  Size  Location     Type
		None               void
 Registers used:
		wreg, fsr0l, fsr0h, status,2, status,0, pclath, cstack
 Tracked objects:
		On entry : 
		On exit  : 
		Unchanged: 
 Data sizes:     COMMON   BANK0   BANK1   BANK3   BANK2
      Params:         0       0       0       0       0
      Locals:         1       0       0       0       0
      Temps:          1       0       0       0       0
      Totals:         2       0       0       0       0
Total ram usage:        2 bytes
 Hardware stack levels used:    1
 Hardware stack levels required when called:    1
 This function calls:
		i1_USART_WriteChar
 This function is called by:
		_USART_ReceiveChar
		_ISR
 This function uses a non-reentrant model


 *************** function i1_USART_WriteChar *****************
 Defined at:
		line 56 in file "D:\Engenharia da computação\2017-2\MICROCONTROLADORES\trabalho micro\I2C - 24C16\Código em C no MPLAB\I2C.c"
 Parameters:    Size  Location     Type
  USART_Data      1    wreg     unsigned char 
 Auto vars:     Size  Location     Type
  USART_Data      1    0[COMMON] unsigned char 
 Return value:  Size  Location     Type
		None               void
 Registers used:
		wreg
 Tracked objects:
		On entry : 
		On exit  : 
		Unchanged: 
 Data sizes:     COMMON   BANK0   BANK1   BANK3   BANK2
      Params:         0       0       0       0       0
      Locals:         1       0       0       0       0
      Temps:          0       0       0       0       0
      Totals:         1       0       0       0       0
Total ram usage:        1 bytes
 Hardware stack levels used:    1
 This function calls:
		Nothing
 This function is called by:
		_ISR
		i1_USART_WriteString
 This function uses a non-reentrant model


 *************** function _I2C_Write *****************
 Defined at:
		line 150 in file "D:\Engenharia da computação\2017-2\MICROCONTROLADORES\trabalho micro\I2C - 24C16\Código em C no MPLAB\I2C.c"
 Parameters:    Size  Location     Type
  Byte            1    wreg     unsigned char 
 Auto vars:     Size  Location     Type
  Byte            1    2[COMMON] unsigned char 
 Return value:  Size  Location     Type
		None               void
 Registers used:
		wreg, status,2, status,0, pclath, cstack
 Tracked objects:
		On entry : 
		On exit  : 
		Unchanged: 
 Data sizes:     COMMON   BANK0   BANK1   BANK3   BANK2
      Params:         0       0       0       0       0
      Locals:         1       0       0       0       0
      Temps:          0       0       0       0       0
      Totals:         1       0       0       0       0
Total ram usage:        1 bytes
 Hardware stack levels used:    1
 Hardware stack levels required when called:    1
 This function calls:
		_I2C_Idle
 This function is called by:
		_ISR
 This function uses a non-reentrant model


 *************** function _I2C_Stop *****************
 Defined at:
		line 168 in file "D:\Engenharia da computação\2017-2\MICROCONTROLADORES\trabalho micro\I2C - 24C16\Código em C no MPLAB\I2C.c"
 Parameters:    Size  Location     Type
		None
 Auto vars:     Size  Location     Type
		None
 Return value:  Size  Location     Type
		None               void
 Registers used:
		wreg, status,2, status,0, pclath, cstack
 Tracked objects:
		On entry : 
		On exit  : 
		Unchanged: 
 Data sizes:     COMMON   BANK0   BANK1   BANK3   BANK2
      Params:         0       0       0       0       0
      Locals:         0       0       0       0       0
      Temps:          0       0       0       0       0
      Totals:         0       0       0       0       0
Total ram usage:        0 bytes
 Hardware stack levels used:    1
 Hardware stack levels required when called:    1
 This function calls:
		_I2C_Idle
 This function is called by:
		_ISR
 This function uses a non-reentrant model


 *************** function _I2C_Start *****************
 Defined at:
		line 134 in file "D:\Engenharia da computação\2017-2\MICROCONTROLADORES\trabalho micro\I2C - 24C16\Código em C no MPLAB\I2C.c"
 Parameters:    Size  Location     Type
		None
 Auto vars:     Size  Location     Type
		None
 Return value:  Size  Location     Type
		None               void
 Registers used:
		wreg, status,2, status,0, pclath, cstack
 Tracked objects:
		On entry : 
		On exit  : 
		Unchanged: 
 Data sizes:     COMMON   BANK0   BANK1   BANK3   BANK2
      Params:         0       0       0       0       0
      Locals:         0       0       0       0       0
      Temps:          0       0       0       0       0
      Totals:         0       0       0       0       0
Total ram usage:        0 bytes
 Hardware stack levels used:    1
 Hardware stack levels required when called:    1
 This function calls:
		_I2C_Idle
 This function is called by:
		_ISR
 This function uses a non-reentrant model


 *************** function _I2C_Restart *****************
 Defined at:
		line 142 in file "D:\Engenharia da computação\2017-2\MICROCONTROLADORES\trabalho micro\I2C - 24C16\Código em C no MPLAB\I2C.c"
 Parameters:    Size  Location     Type
		None
 Auto vars:     Size  Location     Type
		None
 Return value:  Size  Location     Type
		None               void
 Registers used:
		wreg, status,2, status,0, pclath, cstack
 Tracked objects:
		On entry : 
		On exit  : 
		Unchanged: 
 Data sizes:     COMMON   BANK0   BANK1   BANK3   BANK2
      Params:         0       0       0       0       0
      Locals:         0       0       0       0       0
      Temps:          0       0       0       0       0
      Totals:         0       0       0       0       0
Total ram usage:        0 bytes
 Hardware stack levels used:    1
 Hardware stack levels required when called:    1
 This function calls:
		_I2C_Idle
 This function is called by:
		_ISR
 This function uses a non-reentrant model


 *************** function _I2C_Read *****************
 Defined at:
		line 158 in file "D:\Engenharia da computação\2017-2\MICROCONTROLADORES\trabalho micro\I2C - 24C16\Código em C no MPLAB\I2C.c"
 Parameters:    Size  Location     Type
		None
 Auto vars:     Size  Location     Type
		None
 Return value:  Size  Location     Type
                  1    wreg      unsigned char 
 Registers used:
		wreg, status,2, status,0, pclath, cstack
 Tracked objects:
		On entry : 
		On exit  : 
		Unchanged: 
 Data sizes:     COMMON   BANK0   BANK1   BANK3   BANK2
      Params:         0       0       0       0       0
      Locals:         0       0       0       0       0
      Temps:          0       0       0       0       0
      Totals:         0       0       0       0       0
Total ram usage:        0 bytes
 Hardware stack levels used:    1
 Hardware stack levels required when called:    1
 This function calls:
		_I2C_Idle
 This function is called by:
		_ISR
 This function uses a non-reentrant model


 *************** function _I2C_NACK *****************
 Defined at:
		line 184 in file "D:\Engenharia da computação\2017-2\MICROCONTROLADORES\trabalho micro\I2C - 24C16\Código em C no MPLAB\I2C.c"
 Parameters:    Size  Location     Type
		None
 Auto vars:     Size  Location     Type
		None
 Return value:  Size  Location     Type
		None               void
 Registers used:
		wreg, status,2, status,0, pclath, cstack
 Tracked objects:
		On entry : 
		On exit  : 
		Unchanged: 
 Data sizes:     COMMON   BANK0   BANK1   BANK3   BANK2
      Params:         0       0       0       0       0
      Locals:         0       0       0       0       0
      Temps:          0       0       0       0       0
      Totals:         0       0       0       0       0
Total ram usage:        0 bytes
 Hardware stack levels used:    1
 Hardware stack levels required when called:    1
 This function calls:
		_I2C_Idle
 This function is called by:
		_ISR
 This function uses a non-reentrant model


 *************** function _I2C_Idle *****************
 Defined at:
		line 128 in file "D:\Engenharia da computação\2017-2\MICROCONTROLADORES\trabalho micro\I2C - 24C16\Código em C no MPLAB\I2C.c"
 Parameters:    Size  Location     Type
		None
 Auto vars:     Size  Location     Type
		None
 Return value:  Size  Location     Type
		None               void
 Registers used:
		wreg, status,2, status,0
 Tracked objects:
		On entry : 
		On exit  : 
		Unchanged: 
 Data sizes:     COMMON   BANK0   BANK1   BANK3   BANK2
      Params:         0       0       0       0       0
      Locals:         0       0       0       0       0
      Temps:          2       0       0       0       0
      Totals:         2       0       0       0       0
Total ram usage:        2 bytes
 Hardware stack levels used:    1
 This function calls:
		Nothing
 This function is called by:
		_I2C_Start
		_I2C_Restart
		_I2C_Write
		_I2C_Read
		_I2C_Stop
		_I2C_NACK
		_ISR
		_I2C_ACK
 This function uses a non-reentrant model



MODULE INFORMATION

Module		Function		Class		Link	Load	Size
D:\Engenharia da computação\2017-2\MICROCONTROLADORES\trabalho micro\I2C - 24C16\Código em C no MPLAB\I2C.c
		_USART_WriteCha		CODE           	05E8	0000	8
		_ISR           		CODE           	001C	0000	528
		_I2C_Idle      		CODE           	05BA	0000	13
		_main          		CODE           	04DD	0000	77
		_I2C_Write     		CODE           	059D	0000	15
		_USART_ReceiveC		CODE           	0585	0000	24
		_I2C_Stop      		CODE           	05C7	0000	11
		_I2C_Read      		CODE           	05AC	0000	14
		_I2C_Init      		CODE           	054A	0000	31
		_I2C_NACK      		CODE           	05F8	0000	8
		_USART_WriteStr		CODE           	052A	0000	32
		_I2C_Start     		CODE           	05D2	0000	11
		_I2C_Restart   		CODE           	05DD	0000	11
		_USART_Init    		CODE           	046E	0000	111

D:\Engenharia da computação\2017-2\MICROCONTROLADORES\trabalho micro\I2C - 24C16\Código em C no MPLAB\I2C.c estimated size: 894

shared
		__stringtab    		STRING         	0300	0000	6
		__stringdata   		STRING         	0306	0000	217
		__initializatio		CODE           	0015	0000	3
		i1_USART_WriteS		CODE           	0569	0000	28
		i1_USART_WriteC		CODE           	05F0	0000	8

shared estimated size: 262

C:\Program Files (x86)\Microchip\xc8\v1.33\sources\common\aldiv.c
		___aldiv       		CODE           	03DF	0000	143

C:\Program Files (x86)\Microchip\xc8\v1.33\sources\common\aldiv.c estimated size: 143

